VALOR	000A	TRIF	EQU	%1010
DIR_INIC	4040	null	ORG	$4040
CONTLOC	4040	null	Error CODOP	56
CONTLOC	4040	null	DC.B	@7,$A,%1010
CONTLOC	4043	null	DS.B	4
CONTLOC	4047	null	DS.W	2
CONTLOC	404B	null	DS.B	&E3
CONTLOC	404B	null	DS.W	1.
CONTLOC	404B	null	DS.W	1
CONTLOC	404D	null	EORA	$6
CONTLOC	404F	null	SWI	null
VALOR	0FFB	CUAR	EQU	$FFB
CONTLOC	4050	null	ADDD	#$FFF
CONTLOC	4053	null	ADDD	#50321
CONTLOC	4056	null	EORA	F
CONTLOC	4056	null	EORA	$FFF
CONTLOC	4059	null	EORA	#256
CONTLOC	4059	null	CPS	#5032
CONTLOC	405C	null	EORA	#@5
CONTLOC	405E	null	EORA	#1500
CONTLOC	405E	null	EORA	1,X
CONTLOC	4060	UNO	EORA	255,X
CONTLOC	4063	null	LDAA	,PC
CONTLOC	4065	null	STAB	-8,Y
CONTLOC	4067	null	LDAA	15,X
CONTLOC	4069	null	EORA	32768,X
CONTLOC	406D	null	EORA	1,+SP
CONTLOC	406F	ISA	EORA	A,X
CONTLOC	4071	null	EORA	254,X
VALOR	002D	BLA	EQU	45
CONTLOC	4074	null	EORA	64444,X
CONTLOC	4078	null	EORA	[1,X]
CONTLOC	407C	null	EORA	[6444,X]
CONTLOC	4080	null	EORA	[D,X]
CONTLOC	4082	null	BLT	UNO
CONTLOC	4084	null	LBLT	UNO
CONTLOC	4088	null	IBNE	A,ESO
VALOR	00AB	ERI	EQU	$AB
CONTLOC	408B	LOL	END	null
